// Jest Snapshot v1, https://goo.gl/fbAQLP

exports[`bind bind produces a bound bundle 1`] = `1068535831258123`;

exports[`bind binds an external 1`] = `
"const TEST = true;

//// @link getColor _01_


    fn _01_getColor() -> vec4<f32> { return vec4<f32>(1.0, 0.0, 1.0, 1.0); }
    
//// @link sub 


    fn colorUsed() -> vec4<f32> { return vec4<f32>(0.0, 0.1, 0.2, 0.0); }
fn getColor() -> vec4<f32> {
      return _01_getColor() + colorUsed();
    }
    "
`;

exports[`bind binds an external 2`] = `
"const TEST = true;

//// @link getColor _01_


    fn _01_getColor() -> vec4<f32> { return vec4<f32>(1.0, 0.0, 1.0, 1.0); }
    
//// @link sub 


    fn colorUsed() -> vec4<f32> { return vec4<f32>(0.0, 0.1, 0.2, 0.0); }
fn getColor() -> vec4<f32> {
      return _01_getColor() + colorUsed();
    }
    "
`;

exports[`bind binds an external 3`] = `
"const TEST = true;

//// @link getColor _01_


    fn _01_getColor() -> vec4<f32> { return vec4<f32>(1.0, 0.0, 1.0, 1.0); }
    
//// @link sub _02_


    fn _02_colorUsed() -> vec4<f32> { return vec4<f32>(0.0, 0.1, 0.2, 0.0); }
fn _02_getColor() -> vec4<f32> {
      return _01_getColor() + _02_colorUsed();
    }
    
//// @link main 


    fn main() {
      var v: vec4<f32>;
      v = _02_getColor();
      return v;
    }
    "
`;

exports[`bind links data bindings 1`] = `
"//// @link @virtual _01_

struct _VT_Type {
  _VT_1_getColor: vec4<f32>,
};
@group(0) @binding(1) var<uniform> _VT_Uniform: _VT_Type;

//// @link @access [getColor getSize] [bxd8ff4sa3] _VT_1_

fn _VT_1_getColor(a: i32) -> vec4<f32> {
  return _VT_Uniform._VT_1_getColor;
}

@group(0) @binding(0) var<storage> _VT_1_getSizeStorage: array<vec2<f32>>;

fn _VT_1_getSize(a: i32) -> vec2<f32> {
  return _VT_1_getSizeStorage[a];
}

//// @link code 


    fn main() {
      _VT_1_getColor(0);
      _VT_1_getSize(0);
    }
    "
`;

exports[`bind makes deterministic links for data bindings 1`] = `
{
  "base": undefined,
  "code": "@access [getColor getSize] [bxd8ff4sa3]",
  "name": "_VT_gcmr8a",
  "storages": [
    {
      "storage": {
        "buffer": {},
        "format": "vec2<f32>",
        "length": 10,
        "size": [
          10,
        ],
        "version": 1,
      },
      "uniform": {
        "args": [
          "i32",
        ],
        "format": "vec2<f32>",
        "name": "getSize",
        "value": [
          1,
          1,
        ],
      },
    },
  ],
  "table": {
    "exports": [
      {
        "flags": 1,
        "func": {
          "name": "getColor",
          "parameters": [
            "i32",
          ],
          "type": {
            "name": "vec4<f32>",
          },
        },
      },
      {
        "flags": 1,
        "func": {
          "name": "getSize",
          "parameters": [
            "i32",
          ],
          "type": {
            "name": "vec2<f32>",
          },
        },
      },
    ],
    "modules": undefined,
    "symbols": [
      "getColor",
      "getSize",
    ],
    "visibles": [
      "getColor",
      "getSize",
    ],
  },
  "textures": [],
  "uniforms": [
    {
      "constant": [
        1,
        0.5,
        1,
        1,
      ],
      "uniform": {
        "args": [
          "i32",
        ],
        "format": "vec4<f32>",
        "name": "getColor",
        "value": [
          0,
          0.5,
          1,
          1,
        ],
      },
    },
  ],
}
`;
