// Jest Snapshot v1, https://goo.gl/fbAQLP

exports[`bind binds an external 1`] = `
"#version 450
#define TEST true

//// @link getColor _01_


    vec4 _01_getColor() { return vec4(1.0, 0.0, 1.0, 1.0); }
    
//// @link sub 


    vec4 _01_getColor();

    vec4 colorUsed() { return vec4(0.0, 0.1, 0.2, 0.0); }
    vec4 getColor() {
      return _01_getColor() + colorUsed();
    }
    "
`;

exports[`bind binds an external 2`] = `
"#version 450
#define TEST true

//// @link getColor _01_


    vec4 _01_getColor() { return vec4(1.0, 0.0, 1.0, 1.0); }
    
//// @link sub 


    vec4 _01_getColor();

    vec4 colorUsed() { return vec4(0.0, 0.1, 0.2, 0.0); }
    vec4 getColor() {
      return _01_getColor() + colorUsed();
    }
    "
`;

exports[`bind binds an external 3`] = `
"#version 450
#define TEST true

//// @link getColor _01_


    vec4 _01_getColor() { return vec4(1.0, 0.0, 1.0, 1.0); }
    
//// @link sub _02_


    vec4 _01_getColor();

    vec4 _02_colorUsed() { return vec4(0.0, 0.1, 0.2, 0.0); }
    vec4 _02_getColor() {
      return _01_getColor() + _02_colorUsed();
    }
    
//// @link main 


    vec4 _02_getColor();
    void main() {
      vec4 v;
      v.xyz = vec3(1.0, 0.0, 0.0);
      gl_FragColor = _02_getColor();
    }
    "
`;

exports[`bind links data bindings 1`] = `
"#version 450
//// @link @virtual _01_

layout (set = VIRTUAL_BINDGROUP, binding = 1) uniform _VT_Type {
  vec4 _VT_1_getColor;
} _VT_Uniform;

//// @link @access [getColor getSize] [m2t6xjush0] _VT_1_

vec4 _VT_1_getColor(int) {
  return _VT_Uniform._VT_1_getColor;
}

layout (std430, set = VIRTUAL_BINDGROUP, binding = 0) readonly buffer _VT_1_getSizeType {
  vec2 data[];
} _VT_1_getSizeStorage;

vec2 _VT_1_getSize(int index) {
  return _VT_1_getSizeStorage.data[index];
}

//// @link code 


    vec4 _VT_1_getColor(int);
    vec2 _VT_1_getSize(int);

    void main() {
      _VT_1_getColor(0);
      _VT_1_getSize(0);
    }
    "
`;

exports[`bind makes deterministic links for data bindings 1`] = `
{
  "base": undefined,
  "code": "@access [getColor getSize] [m2t6xjush0]",
  "name": "_VT_2znyn7",
  "storages": [
    {
      "storage": {
        "buffer": {},
        "format": "vec2",
        "length": 10,
        "size": [
          10,
        ],
        "version": 1,
      },
      "uniform": {
        "args": [
          "int",
        ],
        "format": "vec2",
        "name": "getSize",
        "value": [
          1,
          1,
        ],
      },
    },
  ],
  "table": {
    "declarations": [
      {
        "at": 0,
        "flags": 0,
        "func": {
          "name": "getColor",
          "parameters": [
            "int",
          ],
          "type": {
            "name": "vec4",
          },
        },
        "symbols": [],
      },
      {
        "at": 0,
        "flags": 0,
        "func": {
          "name": "getSize",
          "parameters": [
            "int",
          ],
          "type": {
            "name": "vec2",
          },
        },
        "symbols": [],
      },
    ],
    "symbols": [
      "getColor",
      "getSize",
    ],
    "visibles": [
      "getColor",
      "getSize",
    ],
  },
  "textures": [],
  "uniforms": [
    {
      "constant": [
        1,
        0.5,
        1,
        1,
      ],
      "uniform": {
        "args": [
          "int",
        ],
        "format": "vec4",
        "name": "getColor",
        "value": [
          0,
          0.5,
          1,
          1,
        ],
      },
    },
  ],
}
`;
