// Jest Snapshot v1, https://goo.gl/fbAQLP

exports[`hash hashes values 1`] = `
[
  "1l2le7p47v",
  "8vthalggis",
  "uotvvk502v",
  "3807eq7w5v",
  "cbnaeh3g55",
  "n09fwdb0u5",
  "5yz64316e9",
  "a1mft5tn8v",
  "pcbrt4hb9e",
  "6cowtr1p0o",
  "olq7vk223s",
  "oa28paeqvn",
  "eikp8yldgd",
  "br96a96sfw",
  "ncsym7f7sa",
  "9q13en26zb",
  "dpeqc1pdst",
  "bbkji1grwf",
  "tmmfq8wm90",
  "xavfoigolq",
]
`;
